2026-09-13 19:06:12,715 INFO START connectivity_enterprise.stages.s00_preflight
2026-09-13 19:06:13,911 INFO DONE connectivity_enterprise.stages.s00_preflight
2026-09-13 19:06:13,911 INFO START connectivity_enterprise.stages.s17_latex_conversion
2026-09-13 19:06:14,530 ERROR Pipeline failed
Traceback (most recent call last):
  File "D:\Q1_RESEARCH\CONNECTIVITY_ENTERPRISE_STUDY\src\connectivity_enterprise\cli.py", line 86, in main
    outputs = module.run(ctx)
  File "D:\Q1_RESEARCH\CONNECTIVITY_ENTERPRISE_STUDY\src\connectivity_enterprise\stages\s17_latex_conversion.py", line 99, in run
    if proc.returncode: raise RuntimeError("FAIL-CLOSED: PDF build failed\n"+(proc.stdout+proc.stderr)[-4000:])
                        ^^^^^^^^^^^^^^^^^^^^^^^^^^^^^^^^^^^^^^^^^^^^^^^^^^^^^^^^^^^^^^^^^^^^^^^^^^^^^^^^^^^^^^^
RuntimeError: FAIL-CLOSED: PDF build failed
20 [0x0000558c] INFO pdflatex null - this process (22168) started by python in directory D:\Q1_RESEARCH\CONNECTIVITY_ENTERPRISE_STUDY\latex with command line: pdflatex -interaction=nonstopmode -halt-on-error manuscript.tex

20 [0x0000558c] INFO pdflatex null - running on Windows 10.0.26200

36 [0x0000558c] INFO pdflatex null - this process (22168) finishes with exit code 1

42 [0x0000558c] ERROR trace.pdflatex.core null - Access is denied.



42 [0x0000558c] ERROR trace.pdflatex.core null - Function: CreateDirectoryW

42 [0x0000558c] ERROR trace.pdflatex.core null - Result: 5

42 [0x0000558c] ERROR trace.pdflatex.core null - Data: path="C:\Users\NVT\AppData\Roaming\MiKTeX\2.9"

42 [0x0000558c] ERROR trace.pdflatex.core null - Source: Libraries\MiKTeX\Core\win\win.cpp:271


It seems that this is a fresh TeX installation.
Please finish the setup before proceeding.
For more information, visit:
https://miktex.org/howto/install-miktex-win

