2026-09-13 19:07:21,579 INFO START connectivity_enterprise.stages.s00_preflight
2026-09-13 19:07:22,758 INFO DONE connectivity_enterprise.stages.s00_preflight
2026-09-13 19:07:22,758 INFO START connectivity_enterprise.stages.s17_latex_conversion
2026-09-13 19:07:23,086 ERROR Pipeline failed
Traceback (most recent call last):
  File "D:\Q1_RESEARCH\CONNECTIVITY_ENTERPRISE_STUDY\src\connectivity_enterprise\cli.py", line 86, in main
    outputs = module.run(ctx)
  File "D:\Q1_RESEARCH\CONNECTIVITY_ENTERPRISE_STUDY\src\connectivity_enterprise\stages\s17_latex_conversion.py", line 101, in run
    if proc.returncode: raise RuntimeError("FAIL-CLOSED: PDF build failed\n"+(proc.stdout+proc.stderr)[-4000:])
                        ^^^^^^^^^^^^^^^^^^^^^^^^^^^^^^^^^^^^^^^^^^^^^^^^^^^^^^^^^^^^^^^^^^^^^^^^^^^^^^^^^^^^^^^
RuntimeError: FAIL-CLOSED: PDF build failed
19 [0x00004340] INFO pdflatex null - this process (22368) started by python in directory D:\Q1_RESEARCH\CONNECTIVITY_ENTERPRISE_STUDY\latex with command line: pdflatex -interaction=nonstopmode -halt-on-error manuscript.tex

19 [0x00004340] INFO pdflatex null - running on Windows 10.0.26200

30 [0x00004340] INFO pdflatex null - this process (22368) finishes with exit code 1

34 [0x00004340] ERROR trace.pdflatex.core null - Access is denied.



34 [0x00004340] ERROR trace.pdflatex.core null - Function: CreateDirectoryW

34 [0x00004340] ERROR trace.pdflatex.core null - Result: 5

34 [0x00004340] ERROR trace.pdflatex.core null - Data: path="C:\Users\NVT\AppData\Roaming\MiKTeX\2.9"

34 [0x00004340] ERROR trace.pdflatex.core null - Source: Libraries\MiKTeX\Core\win\win.cpp:271


It seems that this is a fresh TeX installation.
Please finish the setup before proceeding.
For more information, visit:
https://miktex.org/howto/install-miktex-win

